// Jest Snapshot v1, https://goo.gl/fbAQLP

exports[`<MyComponent /> should render the component 1`] = `
<div
  class=""
>
  <h1>
    MyComponent
  </h1>
</div>
`;
