// Jest Snapshot v1, https://goo.gl/fbAQLP

exports[`<Main /> should render the heading 1`] = `
.c0 {
  background-color: #06092b;
  color: #fff;
  width: 100%;
  height: 100%;
  padding: 3rem;
  text-align: center;
  display: flex;
  flex-direction: column;
  align-items: center;
  justify-content: center;
  gap: 1rem;
}

.c1 {
  font-size: 3rem;
}

.c2 {
  font-size: 1.5rem;
}

<main
  class="c0"
>
  <h1
    class="c1"
  >
    React Avançado
  </h1>
  <h2
    class="c2"
  >
    Descrição
  </h2>
</main>
`;
